function: greet
positional parameters: none
keyword parameters: none
return: None
function: check_values
positional parameters: (10, 20, 30)
keyword parameters: none
return: None
function: return_decorator
positional parameters: none
keyword parameters: {'name': 'beth', 'age': '?'}
return: <function logger_decorator at 0x000001E6D86AD3A0>
function: greet
positional parameters: none
keyword parameters: none
return: None
function: check_values
positional parameters: (10, 20, 30)
keyword parameters: none
return: True
function: return_decorator
positional parameters: none
keyword parameters: {'name': 'beth', 'age': '?'}
return: <function logger_decorator at 0x000001E97705D3A0>
